###############################################################################
#
# IAR ELF Linker V7.20.2.7424/W32 for ARM                 26/Apr/2016  08:36:39
# Copyright 2007-2014 IAR Systems AB.
#
#    Output file  =  
#        F:\我的程序\融合时期\边缘追踪3.0\Prj\IAR\FN15_Debug\Exe\vcan_Kinetis.out
#    Map file     =  
#        F:\我的程序\融合时期\边缘追踪3.0\Prj\IAR\FN15_Debug\List\vcan_Kinetis.map
#    Command line =  
#        F:\我的程序\融合时期\边缘追踪3.0\Prj\IAR\FN15_Debug\Obj\diskio.o
#        F:\我的程序\融合时期\边缘追踪3.0\Prj\IAR\FN15_Debug\Obj\ff.o
#        F:\我的程序\融合时期\边缘追踪3.0\Prj\IAR\FN15_Debug\Obj\findtrack.o
#        F:\我的程序\融合时期\边缘追踪3.0\Prj\IAR\FN15_Debug\Obj\main.o
#        F:\我的程序\融合时期\边缘追踪3.0\Prj\IAR\FN15_Debug\Obj\misc.o
#        F:\我的程序\融合时期\边缘追踪3.0\Prj\IAR\FN15_Debug\Obj\MK60_adc.o
#        F:\我的程序\融合时期\边缘追踪3.0\Prj\IAR\FN15_Debug\Obj\MK60_can.o
#        F:\我的程序\融合时期\边缘追踪3.0\Prj\IAR\FN15_Debug\Obj\MK60_conf.o
#        F:\我的程序\融合时期\边缘追踪3.0\Prj\IAR\FN15_Debug\Obj\MK60_dac.o
#        F:\我的程序\融合时期\边缘追踪3.0\Prj\IAR\FN15_Debug\Obj\MK60_dma.o
#        F:\我的程序\融合时期\边缘追踪3.0\Prj\IAR\FN15_Debug\Obj\MK60_DWT.o
#        F:\我的程序\融合时期\边缘追踪3.0\Prj\IAR\FN15_Debug\Obj\MK60_flash.o
#        F:\我的程序\融合时期\边缘追踪3.0\Prj\IAR\FN15_Debug\Obj\MK60_flexbus.o
#        F:\我的程序\融合时期\边缘追踪3.0\Prj\IAR\FN15_Debug\Obj\MK60_ftm.o
#        F:\我的程序\融合时期\边缘追踪3.0\Prj\IAR\FN15_Debug\Obj\MK60_gpio.o
#        F:\我的程序\融合时期\边缘追踪3.0\Prj\IAR\FN15_Debug\Obj\MK60_i2c.o
#        F:\我的程序\融合时期\边缘追踪3.0\Prj\IAR\FN15_Debug\Obj\MK60_it.o
#        F:\我的程序\融合时期\边缘追踪3.0\Prj\IAR\FN15_Debug\Obj\MK60_lptmr.o
#        F:\我的程序\融合时期\边缘追踪3.0\Prj\IAR\FN15_Debug\Obj\MK60_mcg.o
#        F:\我的程序\融合时期\边缘追踪3.0\Prj\IAR\FN15_Debug\Obj\MK60_PIT.o
#        F:\我的程序\融合时期\边缘追踪3.0\Prj\IAR\FN15_Debug\Obj\MK60_port.o
#        F:\我的程序\融合时期\边缘追踪3.0\Prj\IAR\FN15_Debug\Obj\MK60_rtc.o
#        F:\我的程序\融合时期\边缘追踪3.0\Prj\IAR\FN15_Debug\Obj\MK60_sdhc.o
#        F:\我的程序\融合时期\边缘追踪3.0\Prj\IAR\FN15_Debug\Obj\MK60_spi.o
#        F:\我的程序\融合时期\边缘追踪3.0\Prj\IAR\FN15_Debug\Obj\MK60_SysTick.o
#        F:\我的程序\融合时期\边缘追踪3.0\Prj\IAR\FN15_Debug\Obj\MK60_uart.o
#        F:\我的程序\融合时期\边缘追踪3.0\Prj\IAR\FN15_Debug\Obj\MK60_usb.o
#        F:\我的程序\融合时期\边缘追踪3.0\Prj\IAR\FN15_Debug\Obj\MK60_wdog.o
#        F:\我的程序\融合时期\边缘追踪3.0\Prj\IAR\FN15_Debug\Obj\motor.o
#        F:\我的程序\融合时期\边缘追踪3.0\Prj\IAR\FN15_Debug\Obj\startup_MK60DZ10.o
#        F:\我的程序\融合时期\边缘追踪3.0\Prj\IAR\FN15_Debug\Obj\steer.o
#        F:\我的程序\融合时期\边缘追踪3.0\Prj\IAR\FN15_Debug\Obj\system_MK60DZ10.o
#        F:\我的程序\融合时期\边缘追踪3.0\Prj\IAR\FN15_Debug\Obj\USB.o
#        F:\我的程序\融合时期\边缘追踪3.0\Prj\IAR\FN15_Debug\Obj\USB_CDC.o
#        F:\我的程序\融合时期\边缘追踪3.0\Prj\IAR\FN15_Debug\Obj\VCAN_ASCII.o
#        F:\我的程序\融合时期\边缘追踪3.0\Prj\IAR\FN15_Debug\Obj\VCAN_BMP.o
#        F:\我的程序\融合时期\边缘追踪3.0\Prj\IAR\FN15_Debug\Obj\VCAN_camera.o
#        F:\我的程序\融合时期\边缘追踪3.0\Prj\IAR\FN15_Debug\Obj\VCAN_computer.o
#        F:\我的程序\融合时期\边缘追踪3.0\Prj\IAR\FN15_Debug\Obj\vcan_img2sd.o
#        F:\我的程序\融合时期\边缘追踪3.0\Prj\IAR\FN15_Debug\Obj\VCAN_key.o
#        F:\我的程序\融合时期\边缘追踪3.0\Prj\IAR\FN15_Debug\Obj\VCAN_key_event.o
#        F:\我的程序\融合时期\边缘追踪3.0\Prj\IAR\FN15_Debug\Obj\VCAN_LCD.o
#        F:\我的程序\融合时期\边缘追踪3.0\Prj\IAR\FN15_Debug\Obj\VCAN_LCD_CH.o
#        F:\我的程序\融合时期\边缘追踪3.0\Prj\IAR\FN15_Debug\Obj\VCAN_LCD_ILI9341.o
#        F:\我的程序\融合时期\边缘追踪3.0\Prj\IAR\FN15_Debug\Obj\VCAN_LCD_ST7735R.o
#        F:\我的程序\融合时期\边缘追踪3.0\Prj\IAR\FN15_Debug\Obj\VCAN_LCD_ST7735S.o
#        F:\我的程序\融合时期\边缘追踪3.0\Prj\IAR\FN15_Debug\Obj\VCAN_LED.o
#        F:\我的程序\融合时期\边缘追踪3.0\Prj\IAR\FN15_Debug\Obj\VCAN_MMA7455.o
#        F:\我的程序\融合时期\边缘追踪3.0\Prj\IAR\FN15_Debug\Obj\VCAN_NRF24L0.o
#        F:\我的程序\融合时期\边缘追踪3.0\Prj\IAR\FN15_Debug\Obj\VCAN_NRF24L0_MSG.o
#        F:\我的程序\融合时期\边缘追踪3.0\Prj\IAR\FN15_Debug\Obj\VCAN_OV7725_Eagle.o
#        F:\我的程序\融合时期\边缘追踪3.0\Prj\IAR\FN15_Debug\Obj\VCAN_OV7725_Wolf.o
#        F:\我的程序\融合时期\边缘追踪3.0\Prj\IAR\FN15_Debug\Obj\VCAN_RTC_count.o
#        F:\我的程序\融合时期\边缘追踪3.0\Prj\IAR\FN15_Debug\Obj\VCAN_SCCB.o
#        F:\我的程序\融合时期\边缘追踪3.0\Prj\IAR\FN15_Debug\Obj\vcan_sd_app.o
#        F:\我的程序\融合时期\边缘追踪3.0\Prj\IAR\FN15_Debug\Obj\Vcan_touch.o
#        F:\我的程序\融合时期\边缘追踪3.0\Prj\IAR\FN15_Debug\Obj\VCAN_TSL1401.o
#        F:\我的程序\融合时期\边缘追踪3.0\Prj\IAR\FN15_Debug\Obj\VCAN_UI_VAR.o
#        F:\我的程序\融合时期\边缘追踪3.0\Prj\IAR\FN15_Debug\Obj\vectors.o
#        --redirect _Printf=_PrintfLargeNoMb --redirect _Scanf=_ScanfLargeNoMb
#        -o
#        F:\我的程序\融合时期\边缘追踪3.0\Prj\IAR\FN15_Debug\Exe\vcan_Kinetis.out
#        --map
#        F:\我的程序\融合时期\边缘追踪3.0\Prj\IAR\FN15_Debug\List\vcan_Kinetis.map
#        --config "F:\我的程序\融合时期\边缘追踪3.0\Prj\IAR\config
#        files\vcan_ROM_K60N1M.icf"
#        F:\我的程序\融合时期\边缘追踪3.0\Prj\IAR\..\..\Lib\CMSIS\iar_cortexM4l_math.a
#        --entry __iar_program_start --redirect __write=__write_buffered --vfe
#
###############################################################################

*******************************************************************************
*** RUNTIME MODEL ATTRIBUTES
***

CppFlavor       = *
__SystemLibrary = DLib


*******************************************************************************
*** PLACEMENT SUMMARY
***

"A1":  place at 0x00000000 { ro section .intvec };
"A2":  place at 0x00000410 { ro section .noinit };
"P1":  place in [from 0x00000000 to 0x00100000] { ro, block CodeRelocate };
"P2":  place in [from 0x1fff0410 to 0x20010000] {
          rw, block CodeRelocateRam, block CSTACK, block HEAP };

  Section              Kind        Address    Size  Object
  -------              ----        -------    ----  ------
"A1":                                        0x410
  .intvec              const    0x00000000   0x410  vectors.o [1]
                              - 0x00000410   0x410

"P1", part 1 of 2:                             0x0
  .rodata              const    0x00000410     0x0  zero_init3.o [5]

"A2":                                          0x8
  .noinit              ro code  0x00000410     0x8  startup_MK60DZ10.o [1]
                              - 0x00000418     0x8

"P1", part 2 of 2:                          0x8f8c
  .text                ro code  0x00000418  0x1c18  VCAN_LCD_ST7735R.o [1]
  .text                ro code  0x00002030   0x19c  MK60_gpio.o [1]
  .text                ro code  0x000021cc    0xb0  MK60_port.o [1]
  .text                ro code  0x0000227c    0x64  MK60_SysTick.o [1]
  Veneer               ro code  0x000022e0     0x8  - Linker created -
  Veneer               ro code  0x000022e8     0x8  - Linker created -
  .text                ro code  0x000022f0   0x140  MK60_conf.o [1]
  .text                ro code  0x00002430    0x70  VCAN_LED.o [1]
  .text                ro code  0x000024a0    0x24  printf.o [3]
  .text                ro code  0x000024c4   0x24c  MK60_uart.o [1]
  .text                ro code  0x00002710    0x9c  VCAN_key.o [1]
  .text                ro code  0x000027ac   0xbee  xprintflarge_nomb.o [3]
  .text                ro code  0x0000339a    0x22  zero_init3.o [5]
  .text                ro code  0x000033bc    0x16  strchr.o [5]
  .rodata              const    0x000033d2     0x2  VCAN_camera.o [1]
  .text                ro code  0x000033d4    0x36  strlen.o [5]
  .text                ro code  0x0000340c    0x58  memchr.o [5]
  .text                ro code  0x00003464    0xee  I64DivMod.o [5]
  .text                ro code  0x00003554    0x76  ABImemcpy_unaligned.o [5]
  .text                ro code  0x000035ca    0x42  xdnorm.o [4]
  .text                ro code  0x0000360c    0x2e  DblCmpLe.o [4]
  .text                ro code  0x0000363c   0x1a2  DblMul.o [4]
  .text                ro code  0x000037e0   0x246  DblDiv.o [4]
  .text                ro code  0x00003a28    0x2c  DblToI32.o [4]
  .text                ro code  0x00003a54    0x1c  I32ToDbl.o [4]
  .text                ro code  0x00003a70   0x180  DblSub.o [4]
  .text                ro code  0x00003bf0    0x6c  localeconv.o [3]
  .text                ro code  0x00003c5c     0xe  div.o [3]
  .text                ro code  0x00003c6c     0x2  I64DivZer.o [5]
  .text                ro code  0x00003c70    0xe8  DblAdd.o [4]
  .text                ro code  0x00003d58     0x2  xtls.o [3]
  .text                ro code  0x00003d5c  0x1b00  findtrack.o [1]
  .text                ro code  0x0000585c     0x8  abs.o [3]
  .data_init                    0x00005864   0x980  <Block>
    Initializer bytes  ro data  0x00005864   0x980  <for .data-1>
  .rodata              const    0x000061e4   0x600  VCAN_ASCII.o [1]
  .text                ro code  0x000067e4   0x5f4  MK60_ftm.o [1]
  .text                ro code  0x00006dd8   0x540  VCAN_LCD.o [1]
  .text                ro code  0x00007318   0x400  main.o [1]
  .text                ro code  0x00007718   0x234  VCAN_OV7725_Eagle.o [1]
  .text                ro code  0x0000794c    0x50  misc.o [1]
  .text                ro code  0x0000799c    0xe0  MK60_lptmr.o [1]
  .text                ro code  0x00007a7c    0x7c  MK60_PIT.o [1]
  .text                ro code  0x00007af8   0x22c  steer.o [1]
  .text                ro code  0x00007d24   0x368  motor.o [1]
  .text                ro code  0x0000808c    0x94  VCAN_camera.o [1]
  .text                ro code  0x00008120   0x284  MK60_dma.o [1]
  .text                ro code  0x000083a4   0x362  VCAN_SCCB.o [1]
  .text                ro code  0x00008708    0x4e  FltToDbl.o [4]
  Veneer               ro code  0x00008758     0x8  - Linker created -
  .text                ro code  0x00008760   0x3d4  MK60_mcg.o [1]
  CodeRelocate                  0x00008b34   0x1f0  <Block>
    Initializer bytes  ro data  0x00008b34   0x1f0  <for CodeRelocateRam-1>
  .text                ro code  0x00008d24   0x130  system_MK60DZ10.o [1]
  .text                ro code  0x00008e54    0x40  MK60_wdog.o [1]
  .rodata              const    0x00008e94    0x40  VCAN_LCD_ST7735R.o [1]
  .rodata              const    0x00008ed4    0x3c  MK60_conf.o [1]
  .rodata              const    0x00008f10    0x3c  MK60_SysTick.o [1]
  .rodata              const    0x00008f4c    0x38  MK60_dma.o [1]
  .rodata              const    0x00008f84    0x38  MK60_flash.o [1]
  .rodata              const    0x00008fbc    0x38  MK60_ftm.o [1]
  .rodata              const    0x00008ff4    0x38  MK60_gpio.o [1]
  .rodata              const    0x0000902c    0x38  MK60_lptmr.o [1]
  .rodata              const    0x00009064    0x38  MK60_PIT.o [1]
  .rodata              const    0x0000909c    0x38  MK60_uart.o [1]
  .rodata              const    0x000090d4    0x34  misc.o [1]
  .text                ro code  0x00009108    0x28  data_init.o [5]
  .rodata              const    0x00009130    0x24  MK60_conf.o [1]
  .rodata              const    0x00009154    0x24  VCAN_OV7725_Eagle.o [1]
  .rodata              const    0x00009178    0x24  VCAN_OV7725_Eagle.o [1]
  .iar.init_table      const    0x0000919c    0x10  - Linker created -
  .rodata              const    0x000091ac    0x20  MK60_conf.o [1]
  .rodata              const    0x000091cc    0x20  VCAN_OV7725_Eagle.o [1]
  .text                ro code  0x000091ec    0x1a  fpinit_M.o [4]
  .text                ro code  0x00009208    0x1a  cmain.o [5]
  .text                ro code  0x00009222     0x4  low_level_init.o [3]
  .text                ro code  0x00009226     0x4  exit.o [3]
  .text                ro code  0x0000922c     0xa  cexit.o [5]
  .text                ro code  0x00009238     0xc  XXexit.o [5]
  .rodata              const    0x00009244    0x18  VCAN_OV7725_Eagle.o [1]
  .rodata              const    0x0000925c    0x18  VCAN_OV7725_Eagle.o [1]
  .text                ro code  0x00009274    0x16  xprout.o [3]
  .text                ro code  0x0000928c     0xc  putchar.o [3]
  .rodata              const    0x00009298    0x14  MK60_conf.o [1]
  .rodata              const    0x000092ac    0x14  VCAN_OV7725_Eagle.o [1]
  .rodata              const    0x000092c0    0x10  main.o [1]
  .rodata              const    0x000092d0    0x10  main.o [1]
  .rodata              const    0x000092e0    0x10  main.o [1]
  .rodata              const    0x000092f0     0xc  main.o [1]
  .text                ro code  0x000092fc     0xc  cstartup_M.o [5]
  .rodata              const    0x00009308     0x8  main.o [1]
  .rodata              const    0x00009310     0x4  VCAN_LCD.o [1]
  .rodata              const    0x00009314     0x4  VCAN_LCD.o [1]
  .rodata              const    0x00009318     0x4  VCAN_LCD.o [1]
  Initializer bytes    ro data  0x0000931c    0x88  <for P2 s0>
                              - 0x000093a4  0x8f8c

"P2":                                       0x3360
  .data                         0x1fff0410   0x980  <Block>
    .data-1                     0x1fff0410   0x980  <Init block>
      .data            inited   0x1fff0410     0x4  findtrack.o [1]
      .data            inited   0x1fff0414     0x4  main.o [1]
      .data            inited   0x1fff0418   0x708  MK60_conf.o [1]
      .data            inited   0x1fff0b20    0x10  MK60_ftm.o [1]
      .data            inited   0x1fff0b30    0x14  MK60_gpio.o [1]
      .data            inited   0x1fff0b44    0x58  MK60_mcg.o [1]
      .data            inited   0x1fff0b9c     0x4  MK60_mcg.o [1]
      .data            inited   0x1fff0ba0    0x14  MK60_port.o [1]
      .data            inited   0x1fff0bb4    0x18  MK60_uart.o [1]
      .data            inited   0x1fff0bcc     0x4  motor.o [1]
      .data            inited   0x1fff0bd0     0x4  motor.o [1]
      .data            inited   0x1fff0bd4     0x4  motor.o [1]
      .data            inited   0x1fff0bd8     0x4  steer.o [1]
      .data            inited   0x1fff0bdc     0x4  steer.o [1]
      .data            inited   0x1fff0be0     0x4  steer.o [1]
      .data            inited   0x1fff0be4    0xf0  steer.o [1]
      .data            inited   0x1fff0cd4     0x8  VCAN_key.o [1]
      .data            inited   0x1fff0cdc     0x2  VCAN_LCD_ST7735R.o [1]
      .data            inited   0x1fff0cde     0x2  VCAN_LCD_ST7735R.o [1]
      .data            inited   0x1fff0ce0     0x4  VCAN_LED.o [1]
      .data            inited   0x1fff0ce4     0x1  VCAN_OV7725_Eagle.o [1]
      .data            inited   0x1fff0ce8    0x64  VCAN_OV7725_Eagle.o [1]
      .data            inited   0x1fff0d4c     0x1  VCAN_OV7725_Eagle.o [1]
      .data            inited   0x1fff0d50    0x40  xfiles.o [3]
  CodeRelocateRam               0x1fff0d90   0x1f0  <Block>
    CodeRelocateRam-1           0x1fff0d90   0x1f0  <Init block>
      Veneer           inited   0x1fff0d90     0x8  - Linker created -
      Veneer           inited   0x1fff0d98     0x8  - Linker created -
      .textrw          inited   0x1fff0da0   0x190  MK60_flash.o [1]
      .textrw          inited   0x1fff0f30    0x50  MK60_mcg.o [1]
  .bss                          0x1fff0f80  0x2767  <Block>
    .bss               zero     0x1fff0f80    0xf4  findtrack.o [1]
    .bss               zero     0x1fff1074    0xf4  findtrack.o [1]
    .bss               zero     0x1fff1168    0xf4  findtrack.o [1]
    .bss               zero     0x1fff125c    0xf4  findtrack.o [1]
    .bss               zero     0x1fff1350     0x4  findtrack.o [1]
    .bss               zero     0x1fff1354     0x4  findtrack.o [1]
    .bss               zero     0x1fff1358     0x4  findtrack.o [1]
    .bss               zero     0x1fff135c     0x4  findtrack.o [1]
    .bss               zero     0x1fff1360     0x4  findtrack.o [1]
    .bss               zero     0x1fff1364     0x4  findtrack.o [1]
    .bss               zero     0x1fff1368     0x4  findtrack.o [1]
    .bss               zero     0x1fff136c     0x4  findtrack.o [1]
    .bss               zero     0x1fff1370     0x4  findtrack.o [1]
    .bss               zero     0x1fff1374     0x4  findtrack.o [1]
    .bss               zero     0x1fff1378     0x4  findtrack.o [1]
    .bss               zero     0x1fff137c     0x4  findtrack.o [1]
    .bss               zero     0x1fff1380     0x4  findtrack.o [1]
    .bss               zero     0x1fff1384     0x4  findtrack.o [1]
    .bss               zero     0x1fff1388     0x4  findtrack.o [1]
    .bss               zero     0x1fff138c     0x4  findtrack.o [1]
    .bss               zero     0x1fff1390    0xf4  findtrack.o [1]
    .bss               zero     0x1fff1484    0xf4  findtrack.o [1]
    .bss               zero     0x1fff1578   0x144  findtrack.o [1]
    .bss               zero     0x1fff16bc   0x144  findtrack.o [1]
    .bss               zero     0x1fff1800   0x144  findtrack.o [1]
    .bss               zero     0x1fff1944   0x144  findtrack.o [1]
    .bss               zero     0x1fff1a88    0xf4  findtrack.o [1]
    .bss               zero     0x1fff1b7c   0x144  findtrack.o [1]
    .bss               zero     0x1fff1cc0     0x4  findtrack.o [1]
    .bss               zero     0x1fff1cc4     0x4  findtrack.o [1]
    .bss               zero     0x1fff1cc8     0x4  findtrack.o [1]
    .bss               zero     0x1fff1ccc    0xf4  findtrack.o [1]
    .bss               zero     0x1fff1dc0    0xf4  findtrack.o [1]
    .bss               zero     0x1fff1eb4     0x4  findtrack.o [1]
    .bss               zero     0x1fff1eb8     0x4  findtrack.o [1]
    .bss               zero     0x1fff1ebc     0x4  findtrack.o [1]
    .bss               zero     0x1fff1ec0     0x4  findtrack.o [1]
    .bss               zero     0x1fff1ec4     0x4  findtrack.o [1]
    .bss               zero     0x1fff1ec8     0x4  findtrack.o [1]
    .bss               zero     0x1fff1ecc     0x4  findtrack.o [1]
    .bss               zero     0x1fff1ed0     0x4  findtrack.o [1]
    .bss               zero     0x1fff1ed4     0x4  findtrack.o [1]
    .bss               zero     0x1fff1ed8     0x4  findtrack.o [1]
    .bss               zero     0x1fff1edc     0x4  findtrack.o [1]
    .bss               zero     0x1fff1ee0     0x4  findtrack.o [1]
    .bss               zero     0x1fff1ee4    0xf4  findtrack.o [1]
    .bss               zero     0x1fff1fd8    0xf4  findtrack.o [1]
    .bss               zero     0x1fff20cc     0x4  findtrack.o [1]
    .bss               zero     0x1fff20d0     0x4  findtrack.o [1]
    .bss               zero     0x1fff20d4     0x4  findtrack.o [1]
    .bss               zero     0x1fff20d8     0x4  findtrack.o [1]
    .bss               zero     0x1fff20dc     0x4  findtrack.o [1]
    .bss               zero     0x1fff20e0     0x4  findtrack.o [1]
    .bss               zero     0x1fff20e4     0x4  findtrack.o [1]
    .bss               zero     0x1fff20e8     0x4  findtrack.o [1]
    .bss               zero     0x1fff20ec   0x258  main.o [1]
    .bss               zero     0x1fff2344  0x12c0  main.o [1]
    .bss               zero     0x1fff3604     0x4  main.o [1]
    .bss               zero     0x1fff3608     0x4  main.o [1]
    .bss               zero     0x1fff360c     0x4  main.o [1]
    .bss               zero     0x1fff3610     0x4  main.o [1]
    .bss               zero     0x1fff3614     0x4  main.o [1]
    .bss               zero     0x1fff3618     0x4  main.o [1]
    .bss               zero     0x1fff361c    0x10  MK60_ftm.o [1]
    .bss               zero     0x1fff362c     0x4  motor.o [1]
    .bss               zero     0x1fff3630     0x4  motor.o [1]
    .bss               zero     0x1fff3634     0x4  motor.o [1]
    .bss               zero     0x1fff3638     0x4  motor.o [1]
    .bss               zero     0x1fff363c     0x4  motor.o [1]
    .bss               zero     0x1fff3640     0x4  motor.o [1]
    .bss               zero     0x1fff3644     0x4  motor.o [1]
    .bss               zero     0x1fff3648     0x4  motor.o [1]
    .bss               zero     0x1fff364c     0x4  motor.o [1]
    .bss               zero     0x1fff3650     0x4  motor.o [1]
    .bss               zero     0x1fff3654     0x4  motor.o [1]
    .bss               zero     0x1fff3658     0x4  motor.o [1]
    .bss               zero     0x1fff365c     0x4  motor.o [1]
    .bss               zero     0x1fff3660     0x4  steer.o [1]
    .bss               zero     0x1fff3664     0x4  steer.o [1]
    .bss               zero     0x1fff3668     0x4  steer.o [1]
    .bss               zero     0x1fff366c     0x4  steer.o [1]
    .bss               zero     0x1fff3670     0x4  steer.o [1]
    .bss               zero     0x1fff3674     0x4  steer.o [1]
    .bss               zero     0x1fff3678     0x4  steer.o [1]
    .bss               zero     0x1fff367c     0x4  steer.o [1]
    .bss               zero     0x1fff3680     0x4  system_MK60DZ10.o [1]
    .bss               zero     0x1fff3684     0x4  system_MK60DZ10.o [1]
    .bss               zero     0x1fff3688     0x4  system_MK60DZ10.o [1]
    .bss               zero     0x1fff368c     0x4  VCAN_OV7725_Eagle.o [1]
    .bss               zero     0x1fff3690    0x50  xfiles.o [3]
    .bss               zero     0x1fff36e0     0x2  main.o [1]
    .bss               zero     0x1fff36e2     0x2  main.o [1]
    .bss               zero     0x1fff36e4     0x2  main.o [1]
    .bss               zero     0x1fff36e6     0x1  VCAN_LCD_ST7735R.o [1]
  P2 s0                         0x1fff36e8    0x88  <Init block>
    __DLIB_PERTHREAD   inited   0x1fff36e8    0x88  localeconv.o [3]
                              - 0x1fff3770  0x3360


*******************************************************************************
*** INIT TABLE
***

          Address     Size
          -------     ----
Zero (__iar_zero_init3)
    1 destination range, total size 0x2767:
          0x1fff0f80  0x2767



*******************************************************************************
*** MODULE SUMMARY
***

    Module                 ro code  rw code  ro data  rw data
    ------                 -------  -------  -------  -------
F:\我的程序\融合时期\边缘追踪3.0\Prj\IAR\FN15_Debug\Obj: [1]
    MK60_PIT.o                 124                56
    MK60_SysTick.o             100                60
    MK60_conf.o                320             1 948    1 800
    MK60_dma.o                 644                56
    MK60_flash.o                        400      456
    MK60_ftm.o               1 524                72       32
    MK60_gpio.o                412                76       20
    MK60_lptmr.o               224                56
    MK60_mcg.o                 980       80      172       92
    MK60_port.o                176                20       20
    MK60_uart.o                588                80       24
    MK60_wdog.o                 64
    VCAN_ASCII.o                               1 536
    VCAN_LCD.o               1 344                12
    VCAN_LCD_ST7735R.o       7 192                68        5
    VCAN_LED.o                 112                 4        4
    VCAN_OV7725_Eagle.o        564               277      106
    VCAN_SCCB.o                866
    VCAN_camera.o              148                 2
    VCAN_key.o                 156                 8        8
    findtrack.o              6 912                 4    4 464
    main.o                   1 024                72    5 434
    misc.o                      80                52
    motor.o                    872                12       64
    startup_MK60DZ10.o           8
    steer.o                    556               252      284
    system_MK60DZ10.o          304                         12
    vectors.o                                  1 040
    ---------------------------------------------------------
    Total:                  25 294      480    6 391   12 369

command line: [2]
    ---------------------------------------------------------
    Total:

dl7M_tlf.a: [3]
    abs.o                        8
    div.o                       14
    exit.o                       4
    localeconv.o               108               136      136
    low_level_init.o             4
    printf.o                    36
    putchar.o                   12
    xfiles.o                                      67      144
    xprintflarge_nomb.o      3 054
    xprout.o                    22
    xtls.o                       2
    ---------------------------------------------------------
    Total:                   3 264               203      280

m7M_tlv.a: [4]
    DblAdd.o                   232
    DblCmpLe.o                  46
    DblDiv.o                   582
    DblMul.o                   418
    DblSub.o                   384
    DblToI32.o                  44
    FltToDbl.o                  78
    I32ToDbl.o                  28
    fpinit_M.o                  26
    xdnorm.o                    66
    ---------------------------------------------------------
    Total:                   1 904

rt7M_tl.a: [5]
    ABImemcpy_unaligned.o      118
    I64DivMod.o                238
    I64DivZer.o                  2
    XXexit.o                    12
    cexit.o                     10
    cmain.o                     26
    cstartup_M.o                12
    data_init.o                 40
    memchr.o                    88
    strchr.o                    22
    strlen.o                    54
    zero_init3.o                34
    ---------------------------------------------------------
    Total:                     656

    Gaps                        28                          6
    Linker created              24       16       32
-------------------------------------------------------------
    Grand Total:            31 170      496    6 626   12 655


*******************************************************************************
*** ENTRY LIST
***

Entry                      Address    Size  Type      Object
-----                      -------    ----  ----      ------
.bss$$Base              0x1fff0f80           --   Gb  - Linker created -
.bss$$Limit             0x1fff36e7           --   Gb  - Linker created -
.data$$Base             0x1fff0410           --   Gb  - Linker created -
.data$$Limit            0x1fff0d90           --   Gb  - Linker created -
.data_init$$Base        0x00005864           --   Gb  - Linker created -
.data_init$$Limit       0x000061e4           --   Gb  - Linker created -
?main                   0x00009209          Code  Gb  cmain.o [5]
ASSERT_FAILED_STR       0x00009130    0x24  Data  Gb  MK60_conf.o [1]
AllLose                 0x1fff1364     0x4  Data  Gb  findtrack.o [1]
ArrowheadLeft           0x1fff1edc     0x4  Data  Gb  findtrack.o [1]
ArrowheadRight          0x1fff1ee0     0x4  Data  Gb  findtrack.o [1]
AvaliableLines          0x1fff1354     0x4  Data  Gb  findtrack.o [1]
Basic                   0x1fff0be0     0x4  Data  Gb  steer.o [1]
BlackEnd                0x1fff1390    0xf4  Data  Gb  findtrack.o [1]
BlackEndError           0x1fff1ee4    0xf4  Data  Gb  findtrack.o [1]
BlackEndL               0x1fff1378     0x4  Data  Gb  findtrack.o [1]
BlackEndLL              0x1fff1370     0x4  Data  Gb  findtrack.o [1]
BlackEndM               0x1fff137c     0x4  Data  Gb  findtrack.o [1]
BlackEndML              0x1fff136c     0x4  Data  Gb  findtrack.o [1]
BlackEndMR              0x1fff1368     0x4  Data  Gb  findtrack.o [1]
BlackEndMax             0x1fff1388     0x4  Data  Gb  findtrack.o [1]
BlackEndMaxMax          0x1fff1384     0x4  Data  Gb  findtrack.o [1]
BlackEndR               0x1fff1380     0x4  Data  Gb  findtrack.o [1]
BlackEndRR              0x1fff1374     0x4  Data  Gb  findtrack.o [1]
BlackStart              0x1fff1484    0xf4  Data  Gb  findtrack.o [1]
BlackStartError         0x1fff1fd8    0xf4  Data  Gb  findtrack.o [1]
CalculateError          0x00007b0d   0x106  Code  Gb  steer.o [1]
CalculateMotorSpeedError
                        0x00007ddb    0x4a  Code  Gb  motor.o [1]
CenterMeanValue         0x1fff3674     0x4  Data  Gb  steer.o [1]
CenterSum               0x1fff3678     0x4  Data  Gb  steer.o [1]
CodeRelocate$$Base      0x00008b34           --   Gb  - Linker created -
CodeRelocate$$Limit     0x00008d24           --   Gb  - Linker created -
CodeRelocateRam$$Base   0x1fff0d90           --   Gb  - Linker created -
CodeRelocateRam$$Limit  0x1fff0f80           --   Gb  - Linker created -
ColBlackEnd             0x1fff16bc   0x144  Data  Gb  findtrack.o [1]
ColBlackStart           0x1fff1578   0x144  Data  Gb  findtrack.o [1]
ColCrossOvertakeAreaFlag
                        0x1fff1eb4     0x4  Data  Gb  findtrack.o [1]
ColLenght               0x1fff1b7c   0x144  Data  Gb  findtrack.o [1]
ColTriangleFlag         0x1fff1eb8     0x4  Data  Gb  findtrack.o [1]
ConductCrossOvertakeAreaFlag
                        0x1fff1ed8     0x4  Data  Gb  findtrack.o [1]
CrossOvertakeAreaDiscern
                        0x00004d6d   0x278  Code  Gb  findtrack.o [1]
CrossOvertakeAreaFlag   0x1fff1ed4     0x4  Data  Gb  findtrack.o [1]
CrossOvertakeAreaFlagClear
                        0x0000569b    0xc0  Code  Gb  findtrack.o [1]
CrossOvertakeAreaMoreDiscern
                        0x00004fe9   0x286  Code  Gb  findtrack.o [1]
CrossOvertakeAreaVerify
                        0x0000526f   0x42c  Code  Gb  findtrack.o [1]
DMA0_IRQHandler         0x00007601     0x8  Code  Gb  main.o [1]
DrawBlackline           0x00005761    0x54  Code  Gb  findtrack.o [1]
DropRow                 0x1fff138c     0x4  Data  Gb  findtrack.o [1]
Error                   0x1fff3668     0x4  Data  Gb  steer.o [1]
FTMN                    0x1fff0b20    0x10  Data  Gb  MK60_ftm.o [1]
FTM_port_mux            0x000067e5   0x1ac  Code  Lc  MK60_ftm.o [1]
GPIOX                   0x1fff0b30    0x14  Data  Gb  MK60_gpio.o [1]
GetBlackEnd             0x1fff1cc8     0x4  Data  Gb  findtrack.o [1]
GetBlackEndParam        0x00003d5d   0x4b4  Code  Gb  findtrack.o [1]
GetBlackStart           0x1fff1cc4     0x4  Data  Gb  findtrack.o [1]
GetColBlackEnd          0x1fff1ed0     0x4  Data  Gb  findtrack.o [1]
GetColBlackStart        0x1fff1ecc     0x4  Data  Gb  findtrack.o [1]
GetLeftMotorPules       0x1fff3610     0x4  Data  Gb  main.o [1]
GetRightMotorPules      0x1fff360c     0x4  Data  Gb  main.o [1]
GetTargetSpeed          0x00007d3d    0x9e  Code  Gb  motor.o [1]
HardWare_Init           0x00007345    0x70  Code  Gb  main.o [1]
HighestSpeed            0x1fff3648     0x4  Data  Gb  motor.o [1]
J                       0x1fff0bdc     0x4  Data  Gb  steer.o [1]
KD                      0x1fff0bd8     0x4  Data  Gb  steer.o [1]
KEY_PTxn                0x1fff0cd4     0x8  Data  Gb  VCAN_key.o [1]
KP                      0x1fff3660     0x4  Data  Gb  steer.o [1]
LCDDisplay              0x0000747f   0x156  Code  Gb  main.o [1]
LCD_Img_Binary_Z        0x0000718b   0x168  Code  Gb  VCAN_LCD.o [1]
LCD_Init                0x00007443    0x3c  Code  Gb  main.o [1]
LCD_ST7735R_dir         0x000013d7   0xa0c  Code  Gb  VCAN_LCD_ST7735R.o [1]
LCD_ST7735R_init        0x00000419   0xfbe  Code  Gb  VCAN_LCD_ST7735R.o [1]
LCD_ST7735R_ptlon       0x00001df9   0x208  Code  Gb  VCAN_LCD_ST7735R.o [1]
LCD_char                0x00006efd   0x19e  Code  Gb  VCAN_LCD.o [1]
LCD_clear               0x00006ed5    0x28  Code  Gb  VCAN_LCD.o [1]
LCD_init                0x00006dd9    0x2c  Code  Gb  VCAN_LCD.o [1]
LCD_num                 0x00007103    0x88  Code  Gb  VCAN_LCD.o [1]
LCD_rectangle           0x00006e05    0xd0  Code  Gb  VCAN_LCD.o [1]
LCD_str                 0x0000709b    0x68  Code  Gb  VCAN_LCD.o [1]
LED_PTxn                0x1fff0ce0     0x4  Data  Gb  VCAN_LED.o [1]
LastError               0x1fff366c     0x4  Data  Gb  steer.o [1]
LastLine                0x1fff1350     0x4  Data  Gb  findtrack.o [1]
LeftEdge                0x1fff1168    0xf4  Data  Gb  findtrack.o [1]
LeftLose                0x1fff135c     0x4  Data  Gb  findtrack.o [1]
LeftMotorPulseAccumulate
                        0x1fff3608     0x4  Data  Gb  main.o [1]
Lenght                  0x1fff1a88    0xf4  Data  Gb  findtrack.o [1]
LoadInt                 0x00002d29    0x6e  Code  Lc  xprintflarge_nomb.o [3]
LowestSpeed             0x1fff364c     0x4  Data  Gb  motor.o [1]
MaxBlackEnd             0x1fff20d8     0x4  Data  Gb  findtrack.o [1]
MaxBlackStart           0x1fff20e0     0x4  Data  Gb  findtrack.o [1]
MidPri                  0x1fff0410     0x4  Data  Gb  findtrack.o [1]
MiddleLine              0x1fff0f80    0xf4  Data  Gb  findtrack.o [1]
MinBlackEnd             0x1fff20d4     0x4  Data  Gb  findtrack.o [1]
MinBlackStart           0x1fff20dc     0x4  Data  Gb  findtrack.o [1]
MotorControl            0x00007e29   0x204  Code  Gb  motor.o [1]
MotorInit               0x00007d25    0x18  Code  Gb  motor.o [1]
MotorPwmL               0x1fff3650     0x4  Data  Gb  motor.o [1]
MotorPwmLeft            0x1fff365c     0x4  Data  Gb  motor.o [1]
MotorPwmR               0x1fff3654     0x4  Data  Gb  motor.o [1]
MotorPwmRight           0x1fff3658     0x4  Data  Gb  motor.o [1]
NVIC_DisableIRQ         0x0000732f    0x16  Code  Lc  main.o [1]
NVIC_DisableIRQ         0x0000772d    0x14  Code  Lc  VCAN_OV7725_Eagle.o [1]
NVIC_EnableIRQ          0x00007319    0x16  Code  Lc  main.o [1]
NVIC_EnableIRQ          0x00007719    0x14  Code  Lc  VCAN_OV7725_Eagle.o [1]
NVIC_SystemReset        0x000022f1    0x1a  Code  Lc  MK60_conf.o [1]
NumPulseFTM             0x1fff36e0     0x2  Data  Gb  main.o [1]
NumPulselptmr           0x1fff36e2     0x2  Data  Gb  main.o [1]
PIT0_IRQHandler         0x00007649    0x54  Code  Gb  main.o [1]
PORTA_IRQHandler        0x000075d5    0x2a  Code  Gb  main.o [1]
PORTX                   0x1fff0ba0    0x14  Data  Gb  MK60_port.o [1]
Region$$Table$$Base     0x0000919c           --   Gb  - Linker created -
Region$$Table$$Limit    0x000091ac           --   Gb  - Linker created -
Reset_Handler           0x00000411          Code  Gb  startup_MK60DZ10.o [1]
RightEdge               0x1fff1074    0xf4  Data  Gb  findtrack.o [1]
RightLose               0x1fff1360     0x4  Data  Gb  findtrack.o [1]
RightMotorPulseAccumulate
                        0x1fff3604     0x4  Data  Gb  main.o [1]
SCCB_Ack                0x00008479    0x3c  Code  Lc  VCAN_SCCB.o [1]
SCCB_GPIO_init          0x000083bf    0x28  Code  Gb  VCAN_SCCB.o [1]
SCCB_NoAck              0x000084b5    0x3c  Code  Lc  VCAN_SCCB.o [1]
SCCB_ReadByte           0x00008655    0x2c  Code  Gb  VCAN_SCCB.o [1]
SCCB_ReadByte_one       0x00008681    0x86  Code  Lc  VCAN_SCCB.o [1]
SCCB_ReceiveByte        0x00008581    0x54  Code  Lc  VCAN_SCCB.o [1]
SCCB_SendByte           0x0000853d    0x44  Code  Lc  VCAN_SCCB.o [1]
SCCB_Start              0x000083e7    0x5e  Code  Lc  VCAN_SCCB.o [1]
SCCB_Stop               0x00008445    0x34  Code  Lc  VCAN_SCCB.o [1]
SCCB_WaitAck            0x000084f1    0x4c  Code  Lc  VCAN_SCCB.o [1]
SCCB_WriteByte          0x000085e5    0x28  Code  Gb  VCAN_SCCB.o [1]
SCCB_WriteByte_one      0x0000860d    0x48  Code  Lc  VCAN_SCCB.o [1]
SCCB_delay              0x000083a5    0x1a  Code  Lc  VCAN_SCCB.o [1]
ST7735R_get_h           0x00002001     0x6  Code  Gb  VCAN_LCD_ST7735R.o [1]
ST7735R_get_w           0x00002007     0x6  Code  Gb  VCAN_LCD_ST7735R.o [1]
SearchCenterBlackline   0x00004231   0xb0a  Code  Gb  findtrack.o [1]
SpecialBlackEnd         0x1fff20d0     0x4  Data  Gb  findtrack.o [1]
SpecialBlackStart       0x1fff20cc     0x4  Data  Gb  findtrack.o [1]
SpeedD                  0x1fff0bd4     0x4  Data  Gb  motor.o [1]
SpeedErrorL             0x1fff3630     0x4  Data  Gb  motor.o [1]
SpeedErrorR             0x1fff3634     0x4  Data  Gb  motor.o [1]
SpeedGet                0x00007609    0x40  Code  Gb  main.o [1]
SpeedI                  0x1fff0bd0     0x4  Data  Gb  motor.o [1]
SpeedLastErrorL         0x1fff3638     0x4  Data  Gb  motor.o [1]
SpeedLastErrorR         0x1fff363c     0x4  Data  Gb  motor.o [1]
SpeedP                  0x1fff0bcc     0x4  Data  Gb  motor.o [1]
SpeedPerErrorL          0x1fff3640     0x4  Data  Gb  motor.o [1]
SpeedPerErrorR          0x1fff3644     0x4  Data  Gb  motor.o [1]
SpeedSet                0x1fff362c     0x4  Data  Gb  motor.o [1]
SteerControl            0x00007c15    0xb8  Code  Gb  steer.o [1]
SteerInit               0x00007af9    0x12  Code  Gb  steer.o [1]
SteerPwm                0x1fff367c     0x4  Data  Gb  steer.o [1]
SteerPwmAdd             0x1fff3664     0x4  Data  Gb  steer.o [1]
TriangleBottomFlag      0x1fff20e8     0x4  Data  Gb  findtrack.o [1]
TriangleFlag            0x1fff1cc0     0x4  Data  Gb  findtrack.o [1]
TriangleLeftFlag        0x1fff1ebc     0x4  Data  Gb  findtrack.o [1]
TriangleRightFlag       0x1fff1ec0     0x4  Data  Gb  findtrack.o [1]
TriangleTopFlag         0x1fff20e4     0x4  Data  Gb  findtrack.o [1]
UARTN                   0x1fff0bb4    0x18  Data  Gb  MK60_uart.o [1]
UsefullBlackEnd         0x1fff1dc0    0xf4  Data  Gb  findtrack.o [1]
UsefullBlackEndPoint    0x1fff1ec8     0x4  Data  Gb  findtrack.o [1]
UsefullBlackStart       0x1fff1ccc    0xf4  Data  Gb  findtrack.o [1]
UsefullBlackStartPoint  0x1fff1ec4     0x4  Data  Gb  findtrack.o [1]
UsefullColBlackEnd      0x1fff1944   0x144  Data  Gb  findtrack.o [1]
UsefullColBlackStart    0x1fff1800   0x144  Data  Gb  findtrack.o [1]
Weight                  0x1fff0be4    0xf0  Data  Gb  steer.o [1]
WeightSum               0x1fff3670     0x4  Data  Gb  steer.o [1]
WhiteNum                0x1fff1358     0x4  Data  Gb  findtrack.o [1]
Width                   0x1fff125c    0xf4  Data  Gb  findtrack.o [1]
_GenldLargeNoMb         0x0000311d   0x236  Code  Lc  xprintflarge_nomb.o [3]
_LdtobLargeNoMb         0x00002e9d   0x27a  Code  Lc  xprintflarge_nomb.o [3]
_LitobLargeNoMb         0x00002d97   0x106  Code  Lc  xprintflarge_nomb.o [3]
_Locale_aeabi_lconv     0x1fff3738    0x38  Data  Gb  localeconv.o [3]
_Locale_lconv           0x1fff36e8    0x50  Data  Gb  localeconv.o [3]
_PrintfLargeNoMb        0x000027ad   0x576  Code  Gb  xprintflarge_nomb.o [3]
_Prout                  0x00009275    0x16  Code  Gb  xprout.o [3]
_PutcharsLargeNoMb      0x00003353    0x2e  Code  Lc  xprintflarge_nomb.o [3]
__BOOT_STACK_ADDRESS {Abs}
                        0x2000fff8           --   Gb  command line/config [2]
__VECTOR_RAM {Abs}      0x1fff0000           --   Gb  command line/config [2]
__VECTOR_TABLE {Abs}    0x00000000           --   Gb  command line/config [2]
__aeabi_cdcmple         0x0000360d          Code  Gb  DblCmpLe.o [4]
__aeabi_d2uiz           0x00003a29          Code  Gb  DblToI32.o [4]
__aeabi_dadd            0x00003c71          Code  Gb  DblAdd.o [4]
__aeabi_ddiv            0x000037e1          Code  Gb  DblDiv.o [4]
__aeabi_dmul            0x0000363d          Code  Gb  DblMul.o [4]
__aeabi_dsub            0x00003a71          Code  Gb  DblSub.o [4]
__aeabi_f2d             0x00008709          Code  Gb  FltToDbl.o [4]
__aeabi_ldiv0           0x00003c6d          Code  Gb  I64DivZer.o [5]
__aeabi_ui2d            0x00003a55          Code  Gb  I32ToDbl.o [4]
__aeabi_uldivmod        0x00003465          Code  Gb  I64DivMod.o [5]
__as_entries_start      0xffffffff           --   Gb  command line/config [2]
__as_table_start        0xffffffff           --   Gb  command line/config [2]
__cmain                 0x00009209          Code  Gb  cmain.o [5]
__code_start__ {Abs}    0x00000410           --   Gb  command line/config [2]
__exit                  0x00009239          Code  Gb  XXexit.o [5]
__iar_Dnorm             0x000035cb    0x42  Code  Gb  xdnorm.o [4]
__iar_Locale_lconv_init
                        0x00003bf1    0x3a  Code  Gb  localeconv.o [3]
__iar_Memchr            0x0000340d          Code  Gb  memchr.o [5]
__iar_Stdout            0x1fff0d50    0x40  Data  Gb  xfiles.o [3]
__iar_Strchr            0x000033bd          Code  Gb  strchr.o [5]
__iar_d2uiz             0x00003a35          Code  Gb  DblToI32.o [4]
__iar_dadd              0x00003c85          Code  Gb  DblAdd.o [4]
__iar_data_init3        0x00009109    0x28  Code  Gb  data_init.o [5]
__iar_dlib_perthread_access
                        0x00003d59     0x2  Code  Gb  xtls.o [3]
__iar_dsub              0x00003a85          Code  Gb  DblSub.o [4]
__iar_dsubStart         0x00003a97          Code  Gb  DblSub.o [4]
__iar_init_vfp          0x000091ed          Code  Gb  fpinit_M.o [4]
__iar_program_start     0x000092fd          Code  Gb  cstartup_M.o [5]
__iar_ui2d              0x00003a59          Code  Gb  I32ToDbl.o [4]
__iar_unaligned___aeabi_memcpy
                        0x00003555          Code  Gb  ABImemcpy_unaligned.o [5]
__iar_unaligned___aeabi_memcpy4
                        0x00003575          Code  Gb  ABImemcpy_unaligned.o [5]
__iar_unaligned___aeabi_memcpy8
                        0x00003575          Code  Gb  ABImemcpy_unaligned.o [5]
__iar_zero_init3        0x0000339b    0x22  Code  Gb  zero_init3.o [5]
__low_level_init        0x00009223     0x4  Code  Gb  low_level_init.o [3]
__vector_table          0x00000000   0x410  Data  Gb  vectors.o [1]
_call_main              0x00009215          Code  Gb  cmain.o [5]
_exit                   0x0000922d          Code  Gb  cexit.o [5]
_main                   0x0000921f          Code  Gb  cmain.o [5]
abs                     0x0000585d     0x8  Code  Gb  abs.o [3]
ascii_8x16              0x000061e4   0x600  Data  Gb  VCAN_ASCII.o [1]
assert_failed           0x0000230b    0x26  Code  Gb  MK60_conf.o [1]
bus_clk_khz             0x1fff3688     0x4  Data  Gb  system_MK60DZ10.o [1]
common_startup          0x00008d83    0x98  Code  Gb  system_MK60DZ10.o [1]
core_clk_khz            0x1fff3680     0x4  Data  Gb  system_MK60DZ10.o [1]
core_clk_mhz            0x1fff3684     0x4  Data  Gb  system_MK60DZ10.o [1]
default_isr             0x000023df    0x30  Code  Gb  MK60_conf.o [1]
div                     0x00003c5d     0xe  Code  Gb  div.o [3]
dma_gpio_input_init     0x00008121    0x5c  Code  Lc  MK60_dma.o [1]
dma_portx2buff_init     0x0000817d   0x1f4  Code  Gb  MK60_dma.o [1]
exit                    0x00009227     0x4  Code  Gb  exit.o [3]
flash_cmd               0x1fff0da1    0x20  Code  Gb  MK60_flash.o [1]
flash_erase_sector      0x1fff0de5    0x5c  Code  Gb  MK60_flash.o [1]
flash_init              0x1fff0dc1    0x24  Code  Gb  MK60_flash.o [1]
flash_write             0x1fff0e41    0xb4  Code  Gb  MK60_flash.o [1]
fputc                   0x00002331    0x14  Code  Gb  MK60_conf.o [1]
ftm_mod                 0x1fff361c    0x10  Data  Lc  MK60_ftm.o [1]
ftm_pwm_duty            0x00006b3f   0x124  Code  Gb  MK60_ftm.o [1]
ftm_pwm_init            0x00006991   0x1ae  Code  Gb  MK60_ftm.o [1]
ftm_quad_clean          0x00006d95    0x28  Code  Gb  MK60_ftm.o [1]
ftm_quad_get            0x00006d69    0x2c  Code  Gb  MK60_ftm.o [1]
ftm_quad_init           0x00006c63   0x106  Code  Gb  MK60_ftm.o [1]
gpio_get                0x00002189    0x3a  Code  Gb  MK60_gpio.o [1]
gpio_init               0x00002031    0xae  Code  Gb  MK60_gpio.o [1]
gpio_set                0x000020df    0x72  Code  Gb  MK60_gpio.o [1]
gpio_turn               0x00002151    0x38  Code  Gb  MK60_gpio.o [1]
img                     0x1fff2344  0x12c0  Data  Gb  main.o [1]
img_extract             0x0000808d    0x94  Code  Gb  VCAN_camera.o [1]
imgbuff                 0x1fff20ec   0x258  Data  Gb  main.o [1]
imgsize                 0x1fff0414     0x4  Data  Gb  main.o [1]
key_check               0x0000277d    0x2a  Code  Gb  VCAN_key.o [1]
key_get                 0x00002763    0x1a  Code  Gb  VCAN_key.o [1]
key_init                0x00002711    0x52  Code  Gb  VCAN_key.o [1]
led_init                0x00002431    0x3a  Code  Gb  VCAN_LED.o [1]
led_turn                0x0000246b    0x32  Code  Gb  VCAN_LED.o [1]
localeconv              0x00003c2b    0x16  Code  Gb  localeconv.o [3]
lptmr_pulse_clean       0x00007a47    0x1a  Code  Gb  MK60_lptmr.o [1]
lptmr_pulse_get         0x00007a27    0x20  Code  Gb  MK60_lptmr.o [1]
lptmr_pulse_init        0x0000799d    0x8a  Code  Gb  MK60_lptmr.o [1]
main                    0x000073b5    0x8e  Code  Gb  main.o [1]
mcg_cfg                 0x1fff0b44    0x58  Data  Gb  MK60_mcg.o [1]
mcg_div                 0x1fff0b9c     0x4  Data  Gb  MK60_mcg.o [1]
mcg_div_count           0x00008761   0x304  Code  Gb  MK60_mcg.o [1]
memchr                  0x0000340d          Code  Gb  memchr.o [5]
obuf                    0x1fff3690    0x50  Data  Lc  xfiles.o [3]
ov7725_eagle_cfgnum     0x1fff0d4c     0x1  Data  Gb  VCAN_OV7725_Eagle.o [1]
ov7725_eagle_dma        0x000077f9    0x14  Code  Gb  VCAN_OV7725_Eagle.o [1]
ov7725_eagle_get_img    0x0000780d    0x42  Code  Gb  VCAN_OV7725_Eagle.o [1]
ov7725_eagle_img_buff   0x1fff368c     0x4  Data  Gb  VCAN_OV7725_Eagle.o [1]
ov7725_eagle_img_flag   0x1fff0ce4     0x1  Data  Gb  VCAN_OV7725_Eagle.o [1]
ov7725_eagle_init       0x00007741    0x18  Code  Gb  VCAN_OV7725_Eagle.o [1]
ov7725_eagle_port_init  0x00007759    0x54  Code  Lc  VCAN_OV7725_Eagle.o [1]
ov7725_eagle_reg        0x1fff0ce8    0x64  Data  Gb  VCAN_OV7725_Eagle.o [1]
ov7725_eagle_reg_init   0x0000784f    0xb0  Code  Lc  VCAN_OV7725_Eagle.o [1]
ov7725_eagle_vsync      0x000077ad    0x4c  Code  Gb  VCAN_OV7725_Eagle.o [1]
pit_init                0x00007a7d    0x6c  Code  Gb  MK60_PIT.o [1]
pll_init                0x00008a65    0xb2  Code  Gb  MK60_mcg.o [1]
port_init               0x000021cd    0x44  Code  Gb  MK60_port.o [1]
port_init_NoALT         0x00002211    0x62  Code  Gb  MK60_port.o [1]
printf                  0x000024a1    0x24  Code  Gb  printf.o [3]
putchar                 0x0000928d     0xc  Code  Gb  putchar.o [3]
set_sys_dividers        0x1fff0f31    0x50  Code  Gb  MK60_mcg.o [1]
set_vector_handler      0x0000796f    0x22  Code  Gb  misc.o [1]
site                    0x1fff3614     0x4  Data  Gb  main.o [1]
size                    0x1fff3618     0x4  Data  Gb  main.o [1]
st7735r_dir             0x1fff36e6     0x1  Data  Gb  VCAN_LCD_ST7735R.o [1]
st7735r_h               0x1fff0cdc     0x2  Data  Gb  VCAN_LCD_ST7735R.o [1]
st7735r_w               0x1fff0cde     0x2  Data  Gb  VCAN_LCD_ST7735R.o [1]
start                   0x00008d25    0x22  Code  Gb  system_MK60DZ10.o [1]
start_check             0x00002345    0x9a  Code  Gb  MK60_conf.o [1]
strchr                  0x000033bd          Code  Gb  strchr.o [5]
strlen                  0x000033d5          Code  Gb  strlen.o [5]
sysinit                 0x00008d47    0x3c  Code  Gb  system_MK60DZ10.o [1]
systick_delay           0x0000227d    0x36  Code  Gb  MK60_SysTick.o [1]
systick_delay_ms        0x000022b3    0x18  Code  Gb  MK60_SysTick.o [1]
uart_init               0x000024c5   0x218  Code  Gb  MK60_uart.o [1]
uart_putchar            0x000026dd    0x1a  Code  Gb  MK60_uart.o [1]
vector_str              0x1fff0418   0x708  Data  Gb  MK60_conf.o [1]
wdog_disable            0x00008e55    0x16  Code  Gb  MK60_wdog.o [1]
wdog_unlock             0x00008e6b    0x20  Code  Lc  MK60_wdog.o [1]
write_vtor              0x0000794d    0x22  Code  Gb  misc.o [1]


[1] = F:\我的程序\融合时期\边缘追踪3.0\Prj\IAR\FN15_Debug\Obj
[2] = command line
[3] = dl7M_tlf.a
[4] = m7M_tlv.a
[5] = rt7M_tl.a

  31 170 bytes of readonly  code memory
     496 bytes of readwrite code memory
   6 626 bytes of readonly  data memory
  12 655 bytes of readwrite data memory

Errors: none
Warnings: none
