###############################################################################
#
# IAR ELF Linker V7.80.2.11947/W32 for ARM                07/Nov/2019  15:22:57
# Copyright 2007-2016 IAR Systems AB.
#
#    Output file  =  
#        C:\Users\X\Desktop\智能车
#        代码\11.7\Prj\IAR\FN15_Debug\Exe\vcan_Kinetis.out
#    Map file     =  
#        C:\Users\X\Desktop\智能车
#        代码\11.7\Prj\IAR\FN15_Debug\List\vcan_Kinetis.map
#    Command line =  
#        "C:\Users\X\Desktop\智能车 代码\11.7\Prj\IAR\FN15_Debug\Obj\diskio.o"
#        "C:\Users\X\Desktop\智能车 代码\11.7\Prj\IAR\FN15_Debug\Obj\ff.o"
#        "C:\Users\X\Desktop\智能车 代码\11.7\Prj\IAR\FN15_Debug\Obj\main.o"
#        "C:\Users\X\Desktop\智能车 代码\11.7\Prj\IAR\FN15_Debug\Obj\misc.o"
#        "C:\Users\X\Desktop\智能车
#        代码\11.7\Prj\IAR\FN15_Debug\Obj\MK60_adc.o"
#        "C:\Users\X\Desktop\智能车
#        代码\11.7\Prj\IAR\FN15_Debug\Obj\MK60_can.o"
#        "C:\Users\X\Desktop\智能车
#        代码\11.7\Prj\IAR\FN15_Debug\Obj\MK60_conf.o"
#        "C:\Users\X\Desktop\智能车
#        代码\11.7\Prj\IAR\FN15_Debug\Obj\MK60_dac.o"
#        "C:\Users\X\Desktop\智能车
#        代码\11.7\Prj\IAR\FN15_Debug\Obj\MK60_dma.o"
#        "C:\Users\X\Desktop\智能车
#        代码\11.7\Prj\IAR\FN15_Debug\Obj\MK60_DWT.o"
#        "C:\Users\X\Desktop\智能车
#        代码\11.7\Prj\IAR\FN15_Debug\Obj\MK60_flash.o"
#        "C:\Users\X\Desktop\智能车
#        代码\11.7\Prj\IAR\FN15_Debug\Obj\MK60_flexbus.o"
#        "C:\Users\X\Desktop\智能车
#        代码\11.7\Prj\IAR\FN15_Debug\Obj\MK60_ftm.o"
#        "C:\Users\X\Desktop\智能车
#        代码\11.7\Prj\IAR\FN15_Debug\Obj\MK60_gpio.o"
#        "C:\Users\X\Desktop\智能车
#        代码\11.7\Prj\IAR\FN15_Debug\Obj\MK60_i2c.o"
#        "C:\Users\X\Desktop\智能车 代码\11.7\Prj\IAR\FN15_Debug\Obj\MK60_it.o"
#        "C:\Users\X\Desktop\智能车
#        代码\11.7\Prj\IAR\FN15_Debug\Obj\MK60_lptmr.o"
#        "C:\Users\X\Desktop\智能车
#        代码\11.7\Prj\IAR\FN15_Debug\Obj\MK60_mcg.o"
#        "C:\Users\X\Desktop\智能车
#        代码\11.7\Prj\IAR\FN15_Debug\Obj\MK60_PIT.o"
#        "C:\Users\X\Desktop\智能车
#        代码\11.7\Prj\IAR\FN15_Debug\Obj\MK60_port.o"
#        "C:\Users\X\Desktop\智能车
#        代码\11.7\Prj\IAR\FN15_Debug\Obj\MK60_rtc.o"
#        "C:\Users\X\Desktop\智能车
#        代码\11.7\Prj\IAR\FN15_Debug\Obj\MK60_sdhc.o"
#        "C:\Users\X\Desktop\智能车
#        代码\11.7\Prj\IAR\FN15_Debug\Obj\MK60_spi.o"
#        "C:\Users\X\Desktop\智能车
#        代码\11.7\Prj\IAR\FN15_Debug\Obj\MK60_SysTick.o"
#        "C:\Users\X\Desktop\智能车
#        代码\11.7\Prj\IAR\FN15_Debug\Obj\MK60_uart.o"
#        "C:\Users\X\Desktop\智能车
#        代码\11.7\Prj\IAR\FN15_Debug\Obj\MK60_usb.o"
#        "C:\Users\X\Desktop\智能车
#        代码\11.7\Prj\IAR\FN15_Debug\Obj\MK60_wdog.o"
#        "C:\Users\X\Desktop\智能车 代码\11.7\Prj\IAR\FN15_Debug\Obj\OTSU.o"
#        "C:\Users\X\Desktop\智能车
#        代码\11.7\Prj\IAR\FN15_Debug\Obj\SEEKFREE_MT9V032.o"
#        "C:\Users\X\Desktop\智能车
#        代码\11.7\Prj\IAR\FN15_Debug\Obj\startup_MK60DZ10.o"
#        "C:\Users\X\Desktop\智能车
#        代码\11.7\Prj\IAR\FN15_Debug\Obj\system_MK60DZ10.o"
#        "C:\Users\X\Desktop\智能车 代码\11.7\Prj\IAR\FN15_Debug\Obj\USB.o"
#        "C:\Users\X\Desktop\智能车 代码\11.7\Prj\IAR\FN15_Debug\Obj\USB_CDC.o"
#        "C:\Users\X\Desktop\智能车
#        代码\11.7\Prj\IAR\FN15_Debug\Obj\VCAN_ASCII.o"
#        "C:\Users\X\Desktop\智能车
#        代码\11.7\Prj\IAR\FN15_Debug\Obj\VCAN_BMP.o"
#        "C:\Users\X\Desktop\智能车
#        代码\11.7\Prj\IAR\FN15_Debug\Obj\VCAN_camera.o"
#        "C:\Users\X\Desktop\智能车
#        代码\11.7\Prj\IAR\FN15_Debug\Obj\VCAN_computer.o"
#        "C:\Users\X\Desktop\智能车
#        代码\11.7\Prj\IAR\FN15_Debug\Obj\vcan_img2sd.o"
#        "C:\Users\X\Desktop\智能车
#        代码\11.7\Prj\IAR\FN15_Debug\Obj\VCAN_key.o"
#        "C:\Users\X\Desktop\智能车
#        代码\11.7\Prj\IAR\FN15_Debug\Obj\VCAN_key_event.o"
#        "C:\Users\X\Desktop\智能车
#        代码\11.7\Prj\IAR\FN15_Debug\Obj\VCAN_LCD.o"
#        "C:\Users\X\Desktop\智能车
#        代码\11.7\Prj\IAR\FN15_Debug\Obj\VCAN_LCD_CH.o"
#        "C:\Users\X\Desktop\智能车
#        代码\11.7\Prj\IAR\FN15_Debug\Obj\VCAN_LCD_ILI9341.o"
#        "C:\Users\X\Desktop\智能车
#        代码\11.7\Prj\IAR\FN15_Debug\Obj\VCAN_LCD_ST7735R.o"
#        "C:\Users\X\Desktop\智能车
#        代码\11.7\Prj\IAR\FN15_Debug\Obj\VCAN_LCD_ST7735S.o"
#        "C:\Users\X\Desktop\智能车
#        代码\11.7\Prj\IAR\FN15_Debug\Obj\VCAN_LED.o"
#        "C:\Users\X\Desktop\智能车
#        代码\11.7\Prj\IAR\FN15_Debug\Obj\VCAN_MMA7455.o"
#        "C:\Users\X\Desktop\智能车
#        代码\11.7\Prj\IAR\FN15_Debug\Obj\VCAN_NRF24L0.o"
#        "C:\Users\X\Desktop\智能车
#        代码\11.7\Prj\IAR\FN15_Debug\Obj\VCAN_NRF24L0_MSG.o"
#        "C:\Users\X\Desktop\智能车
#        代码\11.7\Prj\IAR\FN15_Debug\Obj\VCAN_OV7725_Eagle.o"
#        "C:\Users\X\Desktop\智能车
#        代码\11.7\Prj\IAR\FN15_Debug\Obj\VCAN_OV7725_Wolf.o"
#        "C:\Users\X\Desktop\智能车
#        代码\11.7\Prj\IAR\FN15_Debug\Obj\VCAN_RTC_count.o"
#        "C:\Users\X\Desktop\智能车
#        代码\11.7\Prj\IAR\FN15_Debug\Obj\VCAN_SCCB.o"
#        "C:\Users\X\Desktop\智能车
#        代码\11.7\Prj\IAR\FN15_Debug\Obj\vcan_sd_app.o"
#        "C:\Users\X\Desktop\智能车
#        代码\11.7\Prj\IAR\FN15_Debug\Obj\Vcan_touch.o"
#        "C:\Users\X\Desktop\智能车
#        代码\11.7\Prj\IAR\FN15_Debug\Obj\VCAN_TSL1401.o"
#        "C:\Users\X\Desktop\智能车
#        代码\11.7\Prj\IAR\FN15_Debug\Obj\VCAN_UI_VAR.o"
#        "C:\Users\X\Desktop\智能车 代码\11.7\Prj\IAR\FN15_Debug\Obj\vectors.o"
#        --redirect _Printf=_PrintfLargeNoMb --redirect _Scanf=_ScanfLargeNoMb
#        -o "C:\Users\X\Desktop\智能车
#        代码\11.7\Prj\IAR\FN15_Debug\Exe\vcan_Kinetis.out" --map
#        "C:\Users\X\Desktop\智能车
#        代码\11.7\Prj\IAR\FN15_Debug\List\vcan_Kinetis.map" --config
#        "C:\Users\X\Desktop\智能车 代码\11.7\Prj\IAR\config
#        files\vcan_ROM_K60N1M.icf" "C:\Users\X\Desktop\智能车
#        代码\11.7\Prj\IAR\..\..\Lib\CMSIS\iar_cortexM4l_math.a" --entry
#        __iar_program_start --redirect __write=__write_buffered --vfe
#
###############################################################################

*******************************************************************************
*** RUNTIME MODEL ATTRIBUTES
***

CppFlavor       = *
__SystemLibrary = DLib


*******************************************************************************
*** PLACEMENT SUMMARY
***

"A0":  place at 0x00000000 { ro section .intvec };
"A1":  place at 0x00000410 { ro section .noinit };
"P1":  place in [from 0x00000000 to 0x00100000] { ro, block CodeRelocate };
"P2":  place in [from 0x1fff0410 to 0x20010000] {
          rw, block CodeRelocateRam, block CSTACK, block HEAP };
initialize manually with packing = copy, complex ranges { rw };
initialize manually with packing = copy, complex ranges { section .data };
initialize manually with packing = copy, complex ranges { section .textrw };

  Section              Kind        Address    Size  Object
  -------              ----        -------    ----  ------
"A0":                                        0x410
  .intvec              const    0x00000000   0x410  vectors.o [1]
                              - 0x00000410   0x410

"A1":                                          0x8
  .noinit              ro code  0x00000410     0x8  startup_MK60DZ10.o [1]
                              - 0x00000418     0x8

"P1":                                       0x5c04
  .text                ro code  0x00000418  0x1c2c  VCAN_LCD_ST7735S.o [1]
  .text                ro code  0x00002044   0x128  MK60_gpio.o [1]
  .text                ro code  0x0000216c    0xb8  MK60_port.o [1]
  .text                ro code  0x00002224    0x64  MK60_SysTick.o [1]
  Veneer               ro code  0x00002288     0x8  - Linker created -
  Veneer               ro code  0x00002290     0x8  - Linker created -
  .text                ro code  0x00002298   0x144  MK60_conf.o [1]
  .text                ro code  0x000023dc    0x70  VCAN_LED.o [1]
  .text                ro code  0x0000244c    0x24  printf.o [3]
  .text                ro code  0x00002470   0x26c  MK60_uart.o [1]
  .text                ro code  0x000026dc    0x9c  VCAN_key.o [1]
  .text                ro code  0x00002778   0xc1a  xprintflarge_nomb.o [3]
  .text                ro code  0x00003394    0x16  strchr.o [5]
  .text                ro code  0x000033ac    0x36  strlen.o [5]
  .text                ro code  0x000033e4    0x58  memchr.o [5]
  .text                ro code  0x0000343c    0xee  I64DivMod.o [5]
  .text                ro code  0x0000352c    0x76  ABImemcpy_unaligned.o [5]
  .text                ro code  0x000035a2    0x44  xdnorm.o [4]
  .text                ro code  0x000035e8    0x2e  DblCmpLe.o [4]
  .text                ro code  0x00003618   0x1a2  DblMul.o [4]
  .text                ro code  0x000037bc   0x256  DblDiv.o [4]
  .text                ro code  0x00003a14    0x2c  DblToI32.o [4]
  .text                ro code  0x00003a40    0x1c  I32ToDbl.o [4]
  .text                ro code  0x00003a5c   0x180  DblSub.o [4]
  .text                ro code  0x00003bdc    0x6c  localeconv.o [3]
  .text                ro code  0x00003c48     0xe  div.o [3]
  .text                ro code  0x00003c58     0x2  I64DivZer.o [5]
  .text                ro code  0x00003c5c    0xd4  DblAdd.o [4]
  .text                ro code  0x00003d30     0x2  xtls.o [3]
  .data_init                    0x00003d34   0x7f4  <Block>
    Initializer bytes  const    0x00003d34   0x7f4  <for .data-1>
  .rodata              const    0x00004528   0x600  VCAN_ASCII.o [1]
  .text                ro code  0x00004b28   0x460  VCAN_LCD.o [1]
  Veneer               ro code  0x00004f88     0x8  - Linker created -
  .text                ro code  0x00004f90   0x3d4  MK60_mcg.o [1]
  .text                ro code  0x00005364   0x244  MK60_dma.o [1]
  .text                ro code  0x000055a8   0x220  SEEKFREE_MT9V032.o [1]
  CodeRelocate                  0x000057c8   0x1f0  <Block>
    Initializer bytes  const    0x000057c8   0x1f0  <for CodeRelocateRam-1>
  .text                ro code  0x000059b8   0x130  system_MK60DZ10.o [1]
  .text                ro code  0x00005ae8    0x40  MK60_wdog.o [1]
  .text                ro code  0x00005b28    0xd0  main.o [1]
  .text                ro code  0x00005bf8    0x50  misc.o [1]
  .rodata              const    0x00005c48    0x44  VCAN_LCD_ST7735S.o [1]
  .rodata              const    0x00005c8c    0x40  MK60_SysTick.o [1]
  .text                ro code  0x00005ccc    0x40  zero_init3.o [5]
  .rodata              const    0x00005d0c    0x3c  MK60_conf.o [1]
  .rodata              const    0x00005d48    0x3c  MK60_dma.o [1]
  .rodata              const    0x00005d84    0x3c  MK60_flash.o [1]
  .rodata              const    0x00005dc0    0x3c  MK60_gpio.o [1]
  .rodata              const    0x00005dfc    0x3c  MK60_uart.o [1]
  .rodata              const    0x00005e38    0x38  misc.o [1]
  .text                ro code  0x00005e70    0x28  data_init.o [5]
  .rodata              const    0x00005e98    0x24  MK60_conf.o [1]
  .iar.init_table      const    0x00005ebc    0x10  - Linker created -
  .rodata              const    0x00005ecc    0x20  MK60_conf.o [1]
  .text                ro code  0x00005eec    0x1a  cmain.o [5]
  .text                ro code  0x00005f06     0x4  low_level_init.o [3]
  .text                ro code  0x00005f0a     0x4  exit.o [3]
  .text                ro code  0x00005f10     0xa  cexit.o [5]
  .text                ro code  0x00005f1c     0xc  XXexit.o [5]
  .text                ro code  0x00005f28    0x16  xprout.o [3]
  .text                ro code  0x00005f40     0xc  putchar.o [3]
  .rodata              const    0x00005f4c    0x14  MK60_conf.o [1]
  .rodata              const    0x00005f60    0x10  main.o [1]
  .text                ro code  0x00005f70     0xc  cstartup_M.o [5]
  .rodata              const    0x00005f7c     0x4  main.o [1]
  .rodata              const    0x00005f80     0x4  main.o [1]
  .rodata              const    0x00005f84     0x4  main.o [1]
  .rodata              const    0x00005f88     0x4  main.o [1]
  .rodata              const    0x00005f8c     0x4  VCAN_LCD.o [1]
  .rodata              const    0x00005f90     0x4  VCAN_LCD.o [1]
  .rodata              const    0x00005f94     0x0  zero_init3.o [5]
  Initializer bytes    const    0x00005f94    0x88  <for P2 s0>
                              - 0x0000601c  0x5c04

"P2", part 1 of 3:                           0x9e4
  .data                         0x1fff0410   0x7f4  <Block>
    .data-1                     0x1fff0410   0x7f4  <Init block>
      .data            inited   0x1fff0410   0x708  MK60_conf.o [1]
      .data            inited   0x1fff0b18    0x14  MK60_gpio.o [1]
      .data            inited   0x1fff0b2c    0x58  MK60_mcg.o [1]
      .data            inited   0x1fff0b84     0x4  MK60_mcg.o [1]
      .data            inited   0x1fff0b88    0x14  MK60_port.o [1]
      .data            inited   0x1fff0b9c    0x18  MK60_uart.o [1]
      .data            inited   0x1fff0bb4     0x8  VCAN_key.o [1]
      .data            inited   0x1fff0bbc     0x4  VCAN_LED.o [1]
      .data            inited   0x1fff0bc0    0x40  xfiles.o [3]
      .data            inited   0x1fff0c00     0x2  VCAN_LCD_ST7735S.o [1]
      .data            inited   0x1fff0c02     0x2  VCAN_LCD_ST7735S.o [1]
  CodeRelocateRam               0x1fff0c04   0x1f0  <Block>
    CodeRelocateRam-1           0x1fff0c04   0x1f0  <Init block>
      Veneer           inited   0x1fff0c04     0x8  - Linker created -
      Veneer           inited   0x1fff0c0c     0x8  - Linker created -
      .textrw          inited   0x1fff0c14   0x190  MK60_flash.o [1]
      .textrw          inited   0x1fff0da4    0x50  MK60_mcg.o [1]
                              - 0x1fff0df4   0x9e4

"P2", part 2 of 3:                          0x5880
  .bss                          0x1fff0df4  0x5880  <Block>
    .bss               zero     0x1fff0df4  0x5820  SEEKFREE_MT9V032.o [1]
    .bss               zero     0x1fff6614     0x4  system_MK60DZ10.o [1]
    .bss               zero     0x1fff6618     0x4  system_MK60DZ10.o [1]
    .bss               zero     0x1fff661c     0x4  system_MK60DZ10.o [1]
    .bss               zero     0x1fff6620    0x50  xfiles.o [3]
    .bss               zero     0x1fff6670     0x2  SEEKFREE_MT9V032.o [1]
    .bss               zero     0x1fff6672     0x1  SEEKFREE_MT9V032.o [1]
    .bss               zero     0x1fff6673     0x1  VCAN_LCD_ST7735S.o [1]
                              - 0x1fff6674  0x5880

"P2", part 3 of 3:                            0x88
  P2 s0                         0x1fff6674    0x88  <Init block>
    __DLIB_PERTHREAD   inited   0x1fff6674    0x88  localeconv.o [3]
                              - 0x1fff66fc    0x88


*******************************************************************************
*** INIT TABLE
***

          Address     Size
          -------     ----
Zero (__iar_zero_init3)
    1 destination range, total size 0x5880:
          0x1fff0df4  0x5880



*******************************************************************************
*** MODULE SUMMARY
***

    Module                 ro code  rw code  ro data  rw data
    ------                 -------  -------  -------  -------
C:\Users\X\Desktop\智能车  代码\11.7\Prj\IAR\FN15_Debug\Obj: [1]
    MK60_SysTick.o             100                64
    MK60_conf.o                324             1 948    1 800
    MK60_dma.o                 580                60
    MK60_flash.o                        400      460
    MK60_gpio.o                296                80       20
    MK60_mcg.o                 980       80      172       92
    MK60_port.o                184                20       20
    MK60_uart.o                620                84       24
    MK60_wdog.o                 64
    SEEKFREE_MT9V032.o         544                     22 563
    VCAN_ASCII.o                               1 536
    VCAN_LCD.o               1 120                 8
    VCAN_LCD_ST7735S.o       7 212                72        5
    VCAN_LED.o                 112                 4        4
    VCAN_key.o                 156                 8        8
    main.o                     208                32
    misc.o                      80                56
    startup_MK60DZ10.o           8
    system_MK60DZ10.o          304                         12
    vectors.o                                  1 040
    ---------------------------------------------------------
    Total:                  12 892      480    5 644   24 548

command line: [2]
    ---------------------------------------------------------
    Total:

dl7M_tlf.a: [3]
    div.o                       14
    exit.o                       4
    localeconv.o               108               136      136
    low_level_init.o             4
    printf.o                    36
    putchar.o                   12
    xfiles.o                                      64      144
    xprintflarge_nomb.o      3 098
    xprout.o                    22
    xtls.o                       2
    ---------------------------------------------------------
    Total:                   3 300               200      280

m7M_tl.a: [4]
    DblAdd.o                   212
    DblCmpLe.o                  46
    DblDiv.o                   598
    DblMul.o                   418
    DblSub.o                   384
    DblToI32.o                  44
    I32ToDbl.o                  28
    xdnorm.o                    68
    ---------------------------------------------------------
    Total:                   1 798

rt7M_tl.a: [5]
    ABImemcpy_unaligned.o      118
    I64DivMod.o                238
    I64DivZer.o                  2
    XXexit.o                    12
    cexit.o                     10
    cmain.o                     26
    cstartup_M.o                12
    data_init.o                 40
    memchr.o                    88
    strchr.o                    22
    strlen.o                    54
    zero_init3.o                64
    ---------------------------------------------------------
    Total:                     686

    Gaps                        26
    Linker created              24       16       32
-------------------------------------------------------------
    Grand Total:            18 726      496    5 876   24 828


*******************************************************************************
*** ENTRY LIST
***

Entry                      Address    Size  Type      Object
-----                      -------    ----  ----      ------
.bss$$Base              0x1fff0df4           --   Gb  - Linker created -
.bss$$Limit             0x1fff6674           --   Gb  - Linker created -
.data$$Base             0x1fff0410           --   Gb  - Linker created -
.data$$Limit            0x1fff0c04           --   Gb  - Linker created -
.data_init$$Base        0x00003d34           --   Gb  - Linker created -
.data_init$$Limit       0x00004528           --   Gb  - Linker created -
.iar.init_table$$Base   0x00005ebc           --   Gb  - Linker created -
.iar.init_table$$Limit  0x00005ecc           --   Gb  - Linker created -
?main                   0x00005eed          Code  Gb  cmain.o [5]
ASSERT_FAILED_STR       0x00005e98    0x24  Data  Gb  MK60_conf.o [1]
CodeRelocate$$Base      0x000057c8           --   Gb  - Linker created -
CodeRelocate$$Limit     0x000059b8           --   Gb  - Linker created -
CodeRelocateRam$$Base   0x1fff0c04           --   Gb  - Linker created -
CodeRelocateRam$$Limit  0x1fff0df4           --   Gb  - Linker created -
DMA0_IRQHandler         0x00005b5b    0x14  Code  Gb  main.o [1]
GPIOX                   0x1fff0b18    0x14  Data  Gb  MK60_gpio.o [1]
KEY_PTxn                0x1fff0bb4     0x8  Data  Gb  VCAN_key.o [1]
LCD_Img_gray_Z          0x00004e2d   0x13c  Code  Gb  VCAN_LCD.o [1]
LCD_ST7735S_dir         0x000013d7   0xa0c  Code  Gb  VCAN_LCD_ST7735S.o [1]
LCD_ST7735S_init        0x00000419   0xfbe  Code  Gb  VCAN_LCD_ST7735S.o [1]
LCD_ST7735S_ptlon       0x00001df9   0x21c  Code  Gb  VCAN_LCD_ST7735S.o [1]
LCD_char                0x00004c27   0x19e  Code  Gb  VCAN_LCD.o [1]
LCD_init                0x00004b29    0x2c  Code  Gb  VCAN_LCD.o [1]
LCD_rectangle           0x00004b55    0xd2  Code  Gb  VCAN_LCD.o [1]
LCD_str                 0x00004dc5    0x68  Code  Gb  VCAN_LCD.o [1]
LED_PTxn                0x1fff0bbc     0x4  Data  Gb  VCAN_LED.o [1]
LoadInt                 0x00002d13    0x6e  Code  Lc  xprintflarge_nomb.o [3]
NVIC_DisableIRQ         0x000055bd    0x14  Code  Lc  SEEKFREE_MT9V032.o [1]
NVIC_EnableIRQ          0x00005b29    0x14  Code  Lc  main.o [1]
NVIC_EnableIRQ          0x000055a9    0x14  Code  Lc  SEEKFREE_MT9V032.o [1]
NVIC_SetPriority        0x000055d1    0x26  Code  Lc  SEEKFREE_MT9V032.o [1]
NVIC_SystemReset        0x00002299    0x1a  Code  Lc  MK60_conf.o [1]
PORTA_IRQHandler        0x00005b3d    0x1e  Code  Gb  main.o [1]
PORTX                   0x1fff0b88    0x14  Data  Gb  MK60_port.o [1]
Region$$Table$$Base     0x00005ebc           --   Gb  - Linker created -
Region$$Table$$Limit    0x00005ecc           --   Gb  - Linker created -
Reset_Handler           0x00000411          Code  Gb  startup_MK60DZ10.o [1]
ST7735S_get_h           0x00002015     0x6  Code  Gb  VCAN_LCD_ST7735S.o [1]
ST7735S_get_w           0x0000201b     0x6  Code  Gb  VCAN_LCD_ST7735S.o [1]
UARTN                   0x1fff0b9c    0x18  Data  Gb  MK60_uart.o [1]
VSYNC                   0x00005743    0x16  Code  Gb  SEEKFREE_MT9V032.o [1]
_GenldLargeNoMb         0x0000310b   0x23e  Code  Lc  xprintflarge_nomb.o [3]
_LdtobLargeNoMb         0x00002e8d   0x278  Code  Lc  xprintflarge_nomb.o [3]
_LitobLargeNoMb         0x00002d81   0x10a  Code  Lc  xprintflarge_nomb.o [3]
_Locale_aeabi_lconv     0x1fff66c4    0x38  Data  Gb  localeconv.o [3]
_Locale_lconv           0x1fff6674    0x50  Data  Gb  localeconv.o [3]
_PrintfLargeNoMb        0x00002779   0x594  Code  Gb  xprintflarge_nomb.o [3]
_Prout                  0x00005f29    0x16  Code  Gb  xprout.o [3]
_PutcharsLargeNoMb      0x00003349    0x2e  Code  Lc  xprintflarge_nomb.o [3]
__BOOT_STACK_ADDRESS {Abs}
                        0x2000fff8          Data  Gb  command line/config [2]
__VECTOR_RAM {Abs}      0x1fff0000          Data  Gb  command line/config [2]
__VECTOR_TABLE {Abs}    0x00000000          Data  Gb  command line/config [2]
__aeabi_cdcmple         0x000035e9          Code  Gb  DblCmpLe.o [4]
__aeabi_d2uiz           0x00003a15          Code  Gb  DblToI32.o [4]
__aeabi_ddiv            0x000037bd          Code  Gb  DblDiv.o [4]
__aeabi_dmul            0x00003619          Code  Gb  DblMul.o [4]
__aeabi_dsub            0x00003a5d          Code  Gb  DblSub.o [4]
__aeabi_ldiv0           0x00003c59          Code  Gb  I64DivZer.o [5]
__aeabi_ui2d            0x00003a41          Code  Gb  I32ToDbl.o [4]
__aeabi_uldivmod        0x0000343d          Code  Gb  I64DivMod.o [5]
__cmain                 0x00005eed          Code  Gb  cmain.o [5]
__code_start__ {Abs}    0x00000410          Data  Gb  command line/config [2]
__exit                  0x00005f1d          Code  Gb  XXexit.o [5]
__iar_Dnorm             0x000035a3    0x44  Code  Gb  xdnorm.o [4]
__iar_Locale_lconv_init
                        0x00003bdd    0x3a  Code  Gb  localeconv.o [3]
__iar_Memchr            0x000033e5          Code  Gb  memchr.o [5]
__iar_Stdout            0x1fff0bc0    0x40  Data  Gb  xfiles.o [3]
__iar_Strchr            0x00003395          Code  Gb  strchr.o [5]
__iar_d2uiz             0x00003a21          Code  Gb  DblToI32.o [4]
__iar_dadd              0x00003c5d          Code  Gb  DblAdd.o [4]
__iar_data_init3        0x00005e71    0x28  Code  Gb  data_init.o [5]
__iar_dlib_perthread_access
                        0x00003d31     0x2  Code  Gb  xtls.o [3]
__iar_dsub              0x00003a71          Code  Gb  DblSub.o [4]
__iar_dsubStart         0x00003a83          Code  Gb  DblSub.o [4]
__iar_program_start     0x00005f71          Code  Gb  cstartup_M.o [5]
__iar_ui2d              0x00003a45          Code  Gb  I32ToDbl.o [4]
__iar_unaligned___aeabi_memcpy
                        0x0000352d          Code  Gb  ABImemcpy_unaligned.o [5]
__iar_unaligned___aeabi_memcpy4
                        0x0000354d          Code  Gb  ABImemcpy_unaligned.o [5]
__iar_unaligned___aeabi_memcpy8
                        0x0000354d          Code  Gb  ABImemcpy_unaligned.o [5]
__iar_zero_init3        0x00005ccd    0x40  Code  Gb  zero_init3.o [5]
__low_level_init        0x00005f07     0x4  Code  Gb  low_level_init.o [3]
__vector_table          0x00000000   0x410  Data  Gb  vectors.o [1]
_call_main              0x00005ef9          Code  Gb  cmain.o [5]
_exit                   0x00005f11          Code  Gb  cexit.o [5]
_main                   0x00005f03          Code  Gb  cmain.o [5]
ascii_8x16              0x00004528   0x600  Data  Gb  VCAN_ASCII.o [1]
assert_failed           0x000022b3    0x26  Code  Gb  MK60_conf.o [1]
bus_clk_khz             0x1fff661c     0x4  Data  Gb  system_MK60DZ10.o [1]
camera_zhufei_init      0x00005649    0xfa  Code  Gb  SEEKFREE_MT9V032.o [1]
common_startup          0x00005a17    0x98  Code  Gb  system_MK60DZ10.o [1]
core_clk_khz            0x1fff6614     0x4  Data  Gb  system_MK60DZ10.o [1]
core_clk_mhz            0x1fff6618     0x4  Data  Gb  system_MK60DZ10.o [1]
default_isr             0x00002387    0x34  Code  Gb  MK60_conf.o [1]
div                     0x00003c49     0xe  Code  Gb  div.o [3]
dma_gpio_input_init     0x00005365    0x60  Code  Lc  MK60_dma.o [1]
dma_portx2buff_init     0x000053c5   0x1b0  Code  Gb  MK60_dma.o [1]
dma_repeat              0x000055f7    0x52  Code  Lc  SEEKFREE_MT9V032.o [1]
exit                    0x00005f0b     0x4  Code  Gb  exit.o [3]
flash_cmd               0x1fff0c15    0x20  Code  Gb  MK60_flash.o [1]
flash_erase_sector      0x1fff0c59    0x5c  Code  Gb  MK60_flash.o [1]
flash_init              0x1fff0c35    0x24  Code  Gb  MK60_flash.o [1]
flash_write             0x1fff0cb5    0xb4  Code  Gb  MK60_flash.o [1]
fputc                   0x000022d9    0x14  Code  Gb  MK60_conf.o [1]
gpio_get                0x0000212b    0x3a  Code  Gb  MK60_gpio.o [1]
gpio_init               0x00002045    0xae  Code  Gb  MK60_gpio.o [1]
gpio_turn               0x000020f3    0x38  Code  Gb  MK60_gpio.o [1]
image                   0x1fff0df4  0x5820  Data  Gb  SEEKFREE_MT9V032.o [1]
key_check               0x00002749    0x2a  Code  Gb  VCAN_key.o [1]
key_get                 0x0000272f    0x1a  Code  Gb  VCAN_key.o [1]
key_init                0x000026dd    0x52  Code  Gb  VCAN_key.o [1]
led_init                0x000023dd    0x3a  Code  Gb  VCAN_LED.o [1]
led_turn                0x00002417    0x32  Code  Gb  VCAN_LED.o [1]
localeconv              0x00003c17    0x16  Code  Gb  localeconv.o [3]
main                    0x00005b6f    0x5a  Code  Gb  main.o [1]
mcg_cfg                 0x1fff0b2c    0x58  Data  Gb  MK60_mcg.o [1]
mcg_div                 0x1fff0b84     0x4  Data  Gb  MK60_mcg.o [1]
mcg_div_count           0x00004f91   0x304  Code  Gb  MK60_mcg.o [1]
memchr                  0x000033e5          Code  Gb  memchr.o [5]
mt9v032_finish_flag     0x1fff6672     0x1  Data  Gb  SEEKFREE_MT9V032.o [1]
now_row                 0x1fff6670     0x2  Data  Gb  SEEKFREE_MT9V032.o [1]
obuf                    0x1fff6620    0x50  Data  Lc  xfiles.o [3]
pll_init                0x00005295    0xb2  Code  Gb  MK60_mcg.o [1]
port_init               0x0000216d    0x48  Code  Gb  MK60_port.o [1]
port_init_NoALT         0x000021b5    0x66  Code  Gb  MK60_port.o [1]
printf                  0x0000244d    0x24  Code  Gb  printf.o [3]
putchar                 0x00005f41     0xc  Code  Gb  putchar.o [3]
row_finished            0x00005759    0x3c  Code  Gb  SEEKFREE_MT9V032.o [1]
set_sys_dividers        0x1fff0da5    0x50  Code  Gb  MK60_mcg.o [1]
set_vector_handler      0x00005c1b    0x22  Code  Gb  misc.o [1]
st7735s_dir             0x1fff6673     0x1  Data  Gb  VCAN_LCD_ST7735S.o [1]
st7735s_h               0x1fff0c00     0x2  Data  Gb  VCAN_LCD_ST7735S.o [1]
st7735s_w               0x1fff0c02     0x2  Data  Gb  VCAN_LCD_ST7735S.o [1]
start                   0x000059b9    0x22  Code  Gb  system_MK60DZ10.o [1]
start_check             0x000022ed    0x9a  Code  Gb  MK60_conf.o [1]
strchr                  0x00003395          Code  Gb  strchr.o [5]
strlen                  0x000033ad          Code  Gb  strlen.o [5]
sysinit                 0x000059db    0x3c  Code  Gb  system_MK60DZ10.o [1]
systick_delay           0x00002225    0x36  Code  Gb  MK60_SysTick.o [1]
systick_delay_ms        0x0000225b    0x18  Code  Gb  MK60_SysTick.o [1]
uart_init               0x00002471   0x214  Code  Gb  MK60_uart.o [1]
uart_putbuff            0x0000269f    0x26  Code  Gb  MK60_uart.o [1]
uart_putchar            0x00002685    0x1a  Code  Gb  MK60_uart.o [1]
vector_str              0x1fff0410   0x708  Data  Gb  MK60_conf.o [1]
wdog_disable            0x00005ae9    0x16  Code  Gb  MK60_wdog.o [1]
wdog_unlock             0x00005aff    0x20  Code  Lc  MK60_wdog.o [1]
write_vtor              0x00005bf9    0x22  Code  Gb  misc.o [1]


[1] = C:\Users\X\Desktop\智能车  代码\11.7\Prj\IAR\FN15_Debug\Obj
[2] = command line
[3] = dl7M_tlf.a
[4] = m7M_tl.a
[5] = rt7M_tl.a

  18 726 bytes of readonly  code memory
     496 bytes of readwrite code memory
   5 876 bytes of readonly  data memory
  24 828 bytes of readwrite data memory

Errors: none
Warnings: none
